\BOOKMARK [2][]{Outline0.1}{\376\377\000I\000n\000t\000r\000o\000d\000u\000c\000c\000i\000\363\000n}{}% 1
\BOOKMARK [2][]{Outline0.2}{\376\377\000C\000o\000n\000c\000e\000p\000t\000o\000s\000\040\000f\000u\000n\000d\000a\000m\000e\000n\000t\000a\000l\000e\000s}{}% 2
\BOOKMARK [2][]{Outline0.3}{\376\377\000M\000\351\000t\000o\000d\000o\000\040\000e\000s\000t\000a\000d\000\355\000s\000t\000i\000c\000o}{}% 3
\BOOKMARK [2][]{Outline0.4}{\376\377\000C\000l\000a\000s\000i\000f\000i\000c\000a\000c\000i\000\363\000n\000\040\000d\000e\000\040\000v\000a\000r\000i\000a\000b\000l\000e\000s}{}% 4
\BOOKMARK [2][]{Outline0.5}{\376\377\000E\000s\000c\000a\000l\000a\000s\000\040\000d\000e\000\040\000m\000e\000d\000i\000c\000i\000\363\000n}{}% 5
\BOOKMARK [2][]{Outline0.6}{\376\377\000D\000i\000m\000e\000n\000s\000i\000o\000n\000a\000l\000i\000d\000a\000d}{}% 6
\BOOKMARK [2][]{Outline0.7}{\376\377\000E\000s\000t\000a\000d\000\355\000s\000t\000i\000c\000a\000\040\000d\000e\000s\000c\000r\000i\000p\000t\000i\000v\000a}{}% 7
\BOOKMARK [2][]{Outline0.8}{\376\377\000T\000a\000b\000l\000a\000s\000\040\000d\000e\000\040\000f\000r\000e\000c\000u\000e\000n\000c\000i\000a}{}% 8
\BOOKMARK [2][]{Outline0.9}{\376\377\000V\000a\000r\000i\000a\000b\000l\000e\000s\000\040\000c\000o\000n\000t\000i\000n\000u\000a\000s\000\040\000e\000\040\000i\000n\000t\000e\000r\000v\000a\000l\000o\000s}{}% 9
\BOOKMARK [2][]{Outline0.10}{\376\377\000T\000a\000b\000l\000a\000s\000\040\000d\000e\000\040\000c\000o\000n\000t\000i\000n\000g\000e\000n\000c\000i\000a}{}% 10
\BOOKMARK [2][]{Outline0.11}{\376\377\000C\000i\000e\000r\000r\000e}{}% 11
\BOOKMARK [2][]{Outline0.12}{\376\377\000U\000n\000i\000d\000a\000d\000\040\0002\000:\000\040\000E\000s\000t\000a\000d\000\355\000s\000t\000i\000c\000a\000\040\000D\000e\000s\000c\000r\000i\000p\000t\000i\000v\000a\000\040\000A\000v\000a\000n\000z\000a\000d\000a}{}% 12
\BOOKMARK [3][]{Outline0.12.1.49}{\376\377\000R\000e\000p\000r\000e\000s\000e\000n\000t\000a\000c\000i\000\363\000n\000\040\000g\000r\000\341\000f\000i\000c\000a\000\040\000d\000e\000\040\000d\000a\000t\000o\000s}{Outline0.12}% 13
\BOOKMARK [3][]{Outline0.12.2.66}{\376\377\000M\000e\000d\000i\000d\000a\000s\000\040\000d\000e\000\040\000r\000e\000s\000u\000m\000e\000n\000\040\000y\000\040\000p\000o\000s\000i\000c\000i\000\363\000n}{Outline0.12}% 14
\BOOKMARK [3][]{Outline0.12.3.78}{\376\377\000P\000e\000r\000c\000e\000n\000t\000i\000l\000e\000s\000\040\000y\000\040\000c\000u\000a\000n\000t\000i\000l\000e\000s}{Outline0.12}% 15
\BOOKMARK [3][]{Outline0.12.4.83}{\376\377\000M\000e\000d\000i\000d\000a\000s\000\040\000d\000e\000\040\000d\000i\000s\000p\000e\000r\000s\000i\000\363\000n}{Outline0.12}% 16
\BOOKMARK [1][]{Outline1}{\376\377\000M\000E\000\137\0003\000:\000\040\000N\000\372\000m\000e\000r\000o\000s\000\040\000\315\000n\000d\000i\000c\000e\000s}{}% 17
\BOOKMARK [2][]{Outline1.13}{\376\377\000I\000n\000t\000r\000o\000d\000u\000c\000c\000i\000\363\000n\000\040\000a\000\040\000l\000o\000s\000\040\000n\000\372\000m\000e\000r\000o\000s\000\040\000\355\000n\000d\000i\000c\000e\000s}{Outline1}% 18
\BOOKMARK [2][]{Outline1.14}{\376\377\000N\000\372\000m\000e\000r\000o\000s\000\040\000\355\000n\000d\000i\000c\000e\000s\000\040\000s\000i\000m\000p\000l\000e\000s}{Outline1}% 19
\BOOKMARK [2][]{Outline1.15}{\376\377\000N\000\372\000m\000e\000r\000o\000s\000\040\000\355\000n\000d\000i\000c\000e\000s\000\040\000c\000o\000m\000p\000l\000e\000j\000o\000s}{Outline1}% 20
\BOOKMARK [2][]{Outline1.16}{\376\377\000\315\000n\000d\000i\000c\000e\000s\000\040\000e\000c\000o\000n\000\363\000m\000i\000c\000o\000s\000\040\000c\000l\000\341\000s\000i\000c\000o\000s}{Outline1}% 21
\BOOKMARK [2][]{Outline1.17}{\376\377\000\315\000n\000d\000i\000c\000e\000s\000\040\000c\000o\000m\000p\000u\000e\000s\000t\000o\000s\000\040\000p\000o\000n\000d\000e\000r\000a\000d\000o\000s}{Outline1}% 22
\BOOKMARK [2][]{Outline1.18}{\376\377\000\315\000n\000d\000i\000c\000e\000s\000\040\000d\000e\000\040\000L\000a\000s\000p\000e\000y\000r\000e\000s}{Outline1}% 23
\BOOKMARK [2][]{Outline1.19}{\376\377\000\315\000n\000d\000i\000c\000e\000s\000\040\000d\000e\000\040\000P\000a\000a\000s\000c\000h\000e}{Outline1}% 24
\BOOKMARK [2][]{Outline1.20}{\376\377\000R\000e\000l\000a\000c\000i\000\363\000n\000\040\000e\000n\000t\000r\000e\000\040\000\355\000n\000d\000i\000c\000e\000s}{Outline1}% 25
\BOOKMARK [2][]{Outline1.21}{\376\377\000\315\000n\000d\000i\000c\000e\000s\000\040\000d\000e\000\040\000F\000i\000s\000h\000e\000r}{Outline1}% 26
\BOOKMARK [2][]{Outline1.22}{\376\377\000E\000j\000e\000m\000p\000l\000o\000\040\000i\000n\000t\000e\000g\000r\000a\000d\000o\000r}{Outline1}% 27
\BOOKMARK [2][]{Outline1.23}{\376\377\000E\000r\000r\000o\000r\000e\000s\000\040\000c\000o\000m\000u\000n\000e\000s}{Outline1}% 28
